nohup: ignoring input
+++ dirname ./test_hotspare_replace.sh
++ cd .
++ pwd
+ SCRIPT_DIR=/root/workdir/antllm/bsr2
+ export TP_SIZE=1
+ TP_SIZE=1
+ export PP_SIZE=8
+ PP_SIZE=8
+ export EP_SIZE=8
+ EP_SIZE=8
+ export CP_SIZE=1
+ CP_SIZE=1
+ export MEGATRON_PARALLEL_ORDER=tp-cp-ep-dp-pp
+ MEGATRON_PARALLEL_ORDER=tp-cp-ep-dp-pp
+ export MODE=moegambit
+ MODE=moegambit
+ NPROC_PER_NODE=8
+ export NODE_RANK=7
+ NODE_RANK=7
+ export MASTER_ADDR=33.181.110.66
+ MASTER_ADDR=33.181.110.66
+ export MASTER_PORT=20121
+ MASTER_PORT=20121
+ export ELASTIC_WATCHER_PORT=20200
+ ELASTIC_WATCHER_PORT=20200
+ TRAINING_NNODES=8
+ '[' 7 -ge 8 ']'
+ IS_SPARE=0
+ export NNODES=8
+ NNODES=8
+ export ELASTIC_WATCHER_ADDR=33.212.70.87
+ ELASTIC_WATCHER_ADDR=33.212.70.87
+ export ELASTIC_FAULT_DIR=/tmp/elastic_faults
+ ELASTIC_FAULT_DIR=/tmp/elastic_faults
+ '[' 1 = 1 ']'
+ rm -rf /tmp/elastic_faults
+ mkdir -p /tmp/elastic_faults
+ FAULT_INJECT_STEP=17
+ FAULT_INJECT_NODE=0
+ FAULT_INJECT_LOCAL_RANK=1
+ export MOEGAMBIT_HOT_SPARE_POOL=1
+ MOEGAMBIT_HOT_SPARE_POOL=1
+ export MOEGAMBIT_NUM_HOT_SPARES=8
+ MOEGAMBIT_NUM_HOT_SPARES=8
+ export MOEGAMBIT_GAP_AWARE_RECOVERY=1
+ MOEGAMBIT_GAP_AWARE_RECOVERY=1
+ export MOEGAMBIT_RECOVERY_POLICY_TYPE=rank_exposure_guarded_hybrid
+ MOEGAMBIT_RECOVERY_POLICY_TYPE=rank_exposure_guarded_hybrid
+ export MOEGAMBIT_GAP_THRESHOLD=100
+ MOEGAMBIT_GAP_THRESHOLD=100
+ export MOEGAMBIT_DELTA_TIME_MIN_GAP=0
+ MOEGAMBIT_DELTA_TIME_MIN_GAP=0
+ export MOEGAMBIT_MAX_SINGLE_GAP=192
+ MOEGAMBIT_MAX_SINGLE_GAP=192
+ export MOEGAMBIT_EXPOSURE_WINDOW_STEPS=20000
+ MOEGAMBIT_EXPOSURE_WINDOW_STEPS=20000
+ export MOEGAMBIT_MAX_EXPERT_STALENESS_DENSITY=0.1
+ MOEGAMBIT_MAX_EXPERT_STALENESS_DENSITY=0.1
+ export MOEGAMBIT_NUM_EXPERTS=128
+ MOEGAMBIT_NUM_EXPERTS=128
+ export ELASTIC_TWO_PHASE_RECOVERY=0
+ ELASTIC_TWO_PHASE_RECOVERY=0
+ unset MOEGAMBIT_FAULT_INJECT_TYPE
+ unset MOEGAMBIT_FAULT_INJECT_STEP
+ export SAVE_INTERVAL=10
+ SAVE_INTERVAL=10
+ export CKPT_DIR=/mnt/ais-c1/dataset/zds/77hotspare/test_replace_ckpt
+ CKPT_DIR=/mnt/ais-c1/dataset/zds/77hotspare/test_replace_ckpt
+ export TRAIN_LOG_DIR=/mnt/ais-c1/dataset/zds/log/test_replace
+ TRAIN_LOG_DIR=/mnt/ais-c1/dataset/zds/log/test_replace
+ export NCCL_DEBUG=WARN
+ NCCL_DEBUG=WARN
+ export TORCH_NCCL_ASYNC_ERROR_HANDLING=0
+ TORCH_NCCL_ASYNC_ERROR_HANDLING=0
+ export TORCH_NCCL_ENABLE_MONITORING=0
+ TORCH_NCCL_ENABLE_MONITORING=0
+ export TORCH_NCCL_HEARTBEAT_TIMEOUT_SEC=600
+ TORCH_NCCL_HEARTBEAT_TIMEOUT_SEC=600
+ export PYTHONPATH=/opt/conda/lib/python3.10/site-packages/aistudio_notebook/public:/opt/conda/lib/python3.10/site-packages/aistudio_notebook/public::./Megatron-LM
+ PYTHONPATH=/opt/conda/lib/python3.10/site-packages/aistudio_notebook/public:/opt/conda/lib/python3.10/site-packages/aistudio_notebook/public::./Megatron-LM
+ export HF_HUB_OFFLINE=1
+ HF_HUB_OFFLINE=1
+ export TRANSFORMERS_OFFLINE=1
+ TRANSFORMERS_OFFLINE=1
+ export CUDA_DEVICE_MAX_CONNECTIONS=1
+ CUDA_DEVICE_MAX_CONNECTIONS=1
+ export PYTORCH_CUDA_ALLOC_CONF=expandable_segments:True
+ PYTORCH_CUDA_ALLOC_CONF=expandable_segments:True
+ export TORCH_FORCE_NO_WEIGHTS_ONLY_LOAD=1
+ TORCH_FORCE_NO_WEIGHTS_ONLY_LOAD=1
+ export TORCH_CUDA_ARCH_LIST=9.0
+ TORCH_CUDA_ARCH_LIST=9.0
+ export TRAIN_ITERS=100
+ TRAIN_ITERS=100
+ export DISTRIBUTED_TIMEOUT_MINUTES=10
+ DISTRIBUTED_TIMEOUT_MINUTES=10
+ PHASE_TIMEOUT_DEFAULT=720
+ export ELASTIC_PHASE_TIMEOUT_SECONDS=720
+ ELASTIC_PHASE_TIMEOUT_SECONDS=720
+ export ELASTIC_REBUILD_PHASE_TIMEOUT=720
+ ELASTIC_REBUILD_PHASE_TIMEOUT=720
+ export ELASTIC_TRACE_REPLACEMENT_GROUP_MEMBERS=1
+ ELASTIC_TRACE_REPLACEMENT_GROUP_MEMBERS=1
+ export ELASTIC_MPU_GROUP_ORDINAL_BARRIER=1
+ ELASTIC_MPU_GROUP_ORDINAL_BARRIER=1
+ export ELASTIC_MPU_GROUP_ORDINAL_TIMEOUT_SECONDS=720
+ ELASTIC_MPU_GROUP_ORDINAL_TIMEOUT_SECONDS=720
+ export ELASTIC_INIT_PG_DEVICE_ID=0
+ ELASTIC_INIT_PG_DEVICE_ID=0
+ export ELASTIC_REBUILD_INIT_PG_DEVICE_ID=0
+ ELASTIC_REBUILD_INIT_PG_DEVICE_ID=0
+ export ELASTIC_POST_REBUILD_COMM_WARMUP=0
+ ELASTIC_POST_REBUILD_COMM_WARMUP=0
+ export ELASTIC_MOE_FIRST_COLLECTIVE_BARRIER=1
+ ELASTIC_MOE_FIRST_COLLECTIVE_BARRIER=1
+ export ELASTIC_MOE_FIRST_COLLECTIVE_WARMUP=0
+ ELASTIC_MOE_FIRST_COLLECTIVE_WARMUP=0
+ export ELASTIC_MOE_FIRST_COLLECTIVE_FAIL_FAST=1
+ ELASTIC_MOE_FIRST_COLLECTIVE_FAIL_FAST=1
+ export ELASTIC_MOE_FIRST_COLLECTIVE_TIMEOUT=180
+ ELASTIC_MOE_FIRST_COLLECTIVE_TIMEOUT=180
+ export ELASTIC_FALLBACK_RELAUNCH=1
+ ELASTIC_FALLBACK_RELAUNCH=1
+ export ELASTIC_FALLBACK_EXIT_CODE=75
+ ELASTIC_FALLBACK_EXIT_CODE=75
+ export ELASTIC_FALLBACK_RESTART_STANDBY=1
+ ELASTIC_FALLBACK_RESTART_STANDBY=1
+ export ELASTIC_LAUNCHER_CONTROL_PLANE=1
+ ELASTIC_LAUNCHER_CONTROL_PLANE=1
+ export ELASTIC_LAUNCHER_HEARTBEAT_INTERVAL=1.0
+ ELASTIC_LAUNCHER_HEARTBEAT_INTERVAL=1.0
+ export ELASTIC_QUIESCENCE_TIMEOUT_SECONDS=300
+ ELASTIC_QUIESCENCE_TIMEOUT_SECONDS=300
+ export ELASTIC_NCCL_CLASSIFICATION_GRACE_SECONDS=5
+ ELASTIC_NCCL_CLASSIFICATION_GRACE_SECONDS=5
+ HOTSPARE_MAX_RETRIES=2
+ HOTSPARE_RETRY_DELAY=30
+ mkdir -p /mnt/ais-c1/dataset/zds/77hotspare/test_replace_ckpt /mnt/ais-c1/dataset/zds/log/test_replace
+ TRAINING_WORLD_SIZE=64
+ DP_SIZE=8
+ GLOBAL_BATCH_SIZE=64
+ export GLOBAL_BATCH_SIZE
+ echo '[test-replace] =============================================='
[test-replace] ==============================================
+ echo '[test-replace] Hot-Spare REPLACEMENT TEST'
[test-replace] Hot-Spare REPLACEMENT TEST
+ echo '[test-replace] =============================================='
[test-replace] ==============================================
++ '[' 0 = 1 ']'
++ echo '(TRAINING)'
+ echo '[test-replace] NODE_RANK:       7 (TRAINING)'
[test-replace] NODE_RANK:       7 (TRAINING)
+ echo '[test-replace] Training nodes:  8 (64 GPUs)'
[test-replace] Training nodes:  8 (64 GPUs)
+ echo '[test-replace] Fault inject:    kill node 0 local_rank 1 at step 17'
[test-replace] Fault inject:    kill node 0 local_rank 1 at step 17
+ echo '[test-replace] Save interval:   10'
[test-replace] Save interval:   10
+ echo '[test-replace] Train iters:     100'
[test-replace] Train iters:     100
+ echo '[test-replace] Dist timeout:    10min (60s after init)'
[test-replace] Dist timeout:    10min (60s after init)
+ echo '[test-replace] Phase timeout:   720s'
[test-replace] Phase timeout:   720s
+ echo '[test-replace] Group barrier:   1 (720s)'
[test-replace] Group barrier:   1 (720s)
+ echo '[test-replace] PG device_id:    init=0, rebuild=0'
[test-replace] PG device_id:    init=0, rebuild=0
+ echo '[test-replace] Post warmup:     0'
[test-replace] Post warmup:     0
+ echo '[test-replace] MoE first:       barrier=1, warmup=0'
[test-replace] MoE first:       barrier=1, warmup=0
+ echo '[test-replace] MoE fail-fast:   enabled=1, timeout=180s'
[test-replace] MoE fail-fast:   enabled=1, timeout=180s
+ echo '[test-replace] Fallback:        relaunch=1, exit=75, retries=2 (fallback exit only)'
[test-replace] Fallback:        relaunch=1, exit=75, retries=2 (fallback exit only)
+ echo '[test-replace] Control plane:   launcher=1, heartbeat=1.0s'
[test-replace] Control plane:   launcher=1, heartbeat=1.0s
+ echo '[test-replace] Quiescence:      timeout=300s'
[test-replace] Quiescence:      timeout=300s
+ echo '[test-replace] R2 contract:      gap=[0,192], window=20000, phi_max=0.1, experts=128'
[test-replace] R2 contract:      gap=[0,192], window=20000, phi_max=0.1, experts=128
+ echo '[test-replace] CKPT_DIR:        /mnt/ais-c1/dataset/zds/77hotspare/test_replace_ckpt'
[test-replace] CKPT_DIR:        /mnt/ais-c1/dataset/zds/77hotspare/test_replace_ckpt
+ echo '[test-replace] =============================================='
[test-replace] ==============================================
+ '[' 0 = 1 ']'
+ MOEGAMBIT_ARGS=(--moe-moegambit-enable --moe-moegambit-health-mask --moe-moegambit-rank-quarantine --moe-moegambit-dispatch-quarantine-assert --moe-moegambit-dispatch-sanitize --moe-moegambit-expert-directory --moe-moegambit-replacement-protocol --moe-moegambit-group-rebuild --moe-moegambit-dispatch-topology-refresh --moe-moegambit-dense-param-sync --moe-moegambit-stale-expert-restore --moe-moegambit-recovery-controller --moe-moegambit-deferred-optimizer-load --no-moe-moegambit-weights-first-recovery --moe-moegambit-degraded-mode-policy --moe-moegambit-reintegration-barrier --moe-moegambit-hot-spare-pool --moe-moegambit-num-hot-spares "${NPROC_PER_NODE}" --moe-moegambit-degraded-tau-c 0.5 --moe-moegambit-degraded-t-max 1000 --moe-moegambit-degraded-s-max 500)
+ '[' 1 = 1 ']'
+ MOEGAMBIT_ARGS+=(--moe-moegambit-gap-aware-recovery --moe-moegambit-recovery-policy-type "${MOEGAMBIT_RECOVERY_POLICY_TYPE}" --moe-moegambit-gap-threshold "${MOEGAMBIT_GAP_THRESHOLD}" --moe-moegambit-delta-time-min-gap "${MOEGAMBIT_DELTA_TIME_MIN_GAP}" --moe-moegambit-max-single-gap "${MOEGAMBIT_MAX_SINGLE_GAP}" --moe-moegambit-exposure-window-steps "${MOEGAMBIT_EXPOSURE_WINDOW_STEPS}" --moe-moegambit-max-expert-staleness-density "${MOEGAMBIT_MAX_EXPERT_STALENESS_DENSITY}")
+ retry=0
+ true
+ run_training
+ cleanup_elastic_attempt_files
+ rm -f /tmp/elastic_faults/pause_signal /tmp/elastic_faults/rebuild_signal.json /tmp/elastic_faults/fallback_relaunch_signal.json
+ rm -f '/tmp/elastic_faults/worker_pid_*'
+ LOAD_ARGS=()
+ '[' -f /mnt/ais-c1/dataset/zds/77hotspare/test_replace_ckpt/latest_checkpointed_iteration.txt ']'
+ LOAD_ARGS=(--load "${CKPT_DIR}")
+ echo '[test-replace] Restart/relaunch attempt will load checkpoint from /mnt/ais-c1/dataset/zds/77hotspare/test_replace_ckpt'
[test-replace] Restart/relaunch attempt will load checkpoint from /mnt/ais-c1/dataset/zds/77hotspare/test_replace_ckpt
+ python3 /root/workdir/antllm/bsr2/elastic_launcher.py --nproc-per-node 8 --nnodes 8 --node-rank 7 --master-addr 33.181.110.66 --master-port 20121 -- python3 ./Megatron-LM/pretrain_gpt.py --use-mcore-models --transformer-impl transformer_engine --tensor-model-parallel-size 1 --pipeline-model-parallel-size 8 --expert-model-parallel-size 8 --sequence-parallel --legacy-tokenizer --tokenizer-type HuggingFaceTokenizer --tokenizer-model ./tokenizer --vocab-file ./tokenizer/vocab.json --merge-file ./tokenizer/merges.txt --num-layers 48 --hidden-size 2048 --ffn-hidden-size 6144 --num-attention-heads 32 --group-query-attention --num-query-groups 4 --kv-channels 128 --qk-layernorm --seq-length 4096 --max-position-embeddings 40960 --rotary-base 1000000 --rotary-percent 1.0 --micro-batch-size 8 --global-batch-size 64 --train-iters 100 --lr 1e-4 --min-lr 1e-5 --lr-decay-style cosine --lr-warmup-iters 5 --weight-decay 0.1 --clip-grad 1.0 --adam-beta1 0.9 --adam-beta2 0.95 --init-method-std 0.02 --normalization RMSNorm --disable-bias-linear --position-embedding-type rope --no-rope-fusion --swiglu --no-bias-swiglu-fusion --untie-embeddings-and-output-weights --bf16 --num-experts 128 --moe-ffn-hidden-size 768 --moe-router-topk 8 --moe-router-dtype fp32 --moe-router-load-balancing-type aux_loss --moe-aux-loss-coeff 1e-3 --moe-token-dispatcher-type alltoall --distributed-timeout-minutes 10 --distributed-timeout-seconds-after-init 60 --moe-moegambit-enable --moe-moegambit-health-mask --moe-moegambit-rank-quarantine --moe-moegambit-dispatch-quarantine-assert --moe-moegambit-dispatch-sanitize --moe-moegambit-expert-directory --moe-moegambit-replacement-protocol --moe-moegambit-group-rebuild --moe-moegambit-dispatch-topology-refresh --moe-moegambit-dense-param-sync --moe-moegambit-stale-expert-restore --moe-moegambit-recovery-controller --moe-moegambit-deferred-optimizer-load --no-moe-moegambit-weights-first-recovery --moe-moegambit-degraded-mode-policy --moe-moegambit-reintegration-barrier --moe-moegambit-hot-spare-pool --moe-moegambit-num-hot-spares 8 --moe-moegambit-degraded-tau-c 0.5 --moe-moegambit-degraded-t-max 1000 --moe-moegambit-degraded-s-max 500 --moe-moegambit-gap-aware-recovery --moe-moegambit-recovery-policy-type rank_exposure_guarded_hybrid --moe-moegambit-gap-threshold 100 --moe-moegambit-delta-time-min-gap 0 --moe-moegambit-max-single-gap 192 --moe-moegambit-exposure-window-steps 20000 --moe-moegambit-max-expert-staleness-density 0.1 --data-path /mnt/ais-c1/dataset/zds/bigdata/my_qwen3_data_text_document --split 100,0,0 --ckpt-format torch --save /mnt/ais-c1/dataset/zds/77hotspare/test_replace_ckpt --save-interval 10 --eval-interval 1000 --eval-iters 0 --log-interval 1 --load /mnt/ais-c1/dataset/zds/77hotspare/test_replace_ckpt
[launcher] Starting 8 workers on node 7/8 (world_size=64)
[launcher] Master: 33.181.110.66:20121
[launcher] PID=282, PGID=282
[launcher] Command: python3 ./Megatron-LM/pretrain_gpt.py --use-mcore-models --transformer-impl transformer_engine --tensor-model-parallel-size 1 --pipeline-model-parallel-size 8 --expert-model-parallel-size 8 --sequence-parallel --legacy-tokenizer --tokenizer-type HuggingFaceTokenizer --tokenizer-model ./tokenizer --vocab-file ./tokenizer/vocab.json --merge-file ./tokenizer/merges.txt --num-layers 48 --hidden-size 2048 --ffn-hidden-size 6144 --num-attention-heads 32 --group-query-attention --num-query-groups 4 --kv-channels 128 --qk-layernorm --seq-length 4096 --max-position-embeddings 40960 --rotary-base 1000000 --rotary-percent 1.0 --micro-batch-size 8 --global-batch-size 64 --train-iters 100 --lr 1e-4 --min-lr 1e-5 --lr-decay-style cosine --lr-warmup-iters 5 --weight-decay 0.1 --clip-grad 1.0 --adam-beta1 0.9 --adam-beta2 0.95 --init-method-std 0.02 --normalization RMSNorm --disable-bias-linear --position-embedding-type rope --no-rope-fusion --swiglu --no-bias-swiglu-fusion --untie-embeddings-and-output-weights --bf16 --num-experts 128 --moe-ffn-hidden-size 768 --moe-router-topk 8 --moe-router-dtype fp32 --moe-router-load-balancing-type aux_loss --moe-aux-loss-coeff 1e-3 --moe-token-dispatcher-type alltoall --distributed-timeout-minutes 10 --distributed-timeout-seconds-after-init 60 --moe-moegambit-enable --moe-moegambit-health-mask --moe-moegambit-rank-quarantine --moe-moegambit-dispatch-quarantine-assert --moe-moegambit-dispatch-sanitize --moe-moegambit-expert-directory --moe-moegambit-replacement-protocol --moe-moegambit-group-rebuild --moe-moegambit-dispatch-topology-refresh --moe-moegambit-dense-param-sync --moe-moegambit-stale-expert-restore --moe-moegambit-recovery-controller --moe-moegambit-deferred-optimizer-load --no-moe-moegambit-weights-first-recovery --moe-moegambit-degraded-mode-policy --moe-moegambit-reintegration-barrier --moe-moegambit-hot-spare-pool --moe-moegambit-num-hot-spares 8 --moe-moegambit-degraded-tau-c 0.5 --moe-moegambit-degraded-t-max 1000 --moe-moegambit-degraded-s-max 500 --moe-moegambit-gap-aware-recovery --moe-moegambit-recovery-policy-type rank_exposure_guarded_hybrid --moe-moegambit-gap-threshold 100 --moe-moegambit-delta-time-min-gap 0 --moe-moegambit-max-single-gap 192 --moe-moegambit-exposure-window-steps 20000 --moe-moegambit-max-expert-staleness-density 0.1 --data-path /mnt/ais-c1/dataset/zds/bigdata/my_qwen3_data_text_document --split 100,0,0 --ckpt-format torch --save /mnt/ais-c1/dataset/zds/77hotspare/test_replace_ckpt --save-interval 10 --eval-interval 1000 --eval-iters 0 --log-interval 1 --load /mnt/ais-c1/dataset/zds/77hotspare/test_replace_ckpt
[launcher-control] started node=7 watcher=33.212.70.87:20200 socket=/tmp/elastic_faults/launcher_control_7.sock
[launcher] Started worker local_rank=0 global_rank=56 pid=285
[launcher] Started worker local_rank=1 global_rank=57 pid=286
[launcher] Started worker local_rank=2 global_rank=58 pid=287
[launcher] Started worker local_rank=3 global_rank=59 pid=288
[launcher] Started worker local_rank=4 global_rank=60 pid=289
[launcher-control] watcher connect failed: [Errno 111] Connection refused; retrying
[launcher] Started worker local_rank=5 global_rank=61 pid=290
[launcher] Started worker local_rank=6 global_rank=62 pid=291
[launcher] Started worker local_rank=7 global_rank=63 pid=292
[launcher-control] watcher connect failed: [Errno 111] Connection refused; retrying
[launcher-control] watcher connect failed: [Errno 111] Connection refused; retrying
[launcher-control] watcher connect failed: [Errno 111] Connection refused; retrying
[launcher-control] watcher connect failed: [Errno 111] Connection refused; retrying
[launcher-control] connected to watcher 33.212.70.87:20200
