training ... Overwriting rerun_state_machine.current_iteration from -1 to 0...
(min, max) time across ranks (ms):
    model-and-optimizer-setup ......................: (331.55, 344.92)
    train/valid/test-data-iterators-setup ..........: (691.26, 1025.14)
[before the start of training step] datetime: 2026-04-09 14:33:16
WARNING:megatron.core.rerun_state_machine:Result validation enabled
[2026-04-09 14:33:49] iteration 1/ 600 | consumed samples: 8 | elapsed time per iteration (ms): 32906.2 | learning rate: 2.000000E-05 | global batch size: 8 | lm loss: 1.093432E+01 | load_balancing_loss: 1.366027E+00 | loss scale: 1.0 | grad norm: 41.968 | number of skipped iterations: 0 | number of nan iterations: 0 |
Number of parameters in transformer block in billions: 2.95
Number of parameters in embedding layers in billions: 0.08
Total number of parameters in billions: 3.03
Number of parameters in most loaded shard in billions: 3.0265
compute_activation_memory_without_sp Activation memory footprint per transformer layer (precise, without SP): 12.8 MB
Theoretical memory footprints: weight and optimizer=51954.04 MB, activation=722.14 MB, total=52676.18 MB

[Rank 0] (after 1 iterations) memory (MB) | allocated: 9621.900390625 | max allocated: 9621.9013671875 | reserved: 10036.0 | max reserved: 10036.0
[2026-04-09 14:33:50] iteration 2/ 600 | consumed samples: 16 | elapsed time per iteration (ms): 778.5 | learning rate: 4.000000E-05 | global batch size: 8 | lm loss: 1.097681E+01 | load_balancing_loss: 1.344941E+00 | loss scale: 1.0 | grad norm: 30.870 | number of skipped iterations: 0 | number of nan iterations: 0 |
[2026-04-09 14:33:50] iteration 3/ 600 | consumed samples: 24 | elapsed time per iteration (ms): 630.9 | learning rate: 6.000000E-05 | global batch size: 8 | lm loss: 1.065064E+01 | load_balancing_loss: 1.365557E+00 | loss scale: 1.0 | grad norm: 32.315 | number of skipped iterations: 0 | number of nan iterations: 0 |
[2026-04-09 14:33:51] iteration 4/ 600 | consumed samples: 32 | elapsed time per iteration (ms): 663.2 | learning rate: 8.000000E-05 | global batch size: 8 | lm loss: 1.007458E+01 | load_balancing_loss: 1.436783E+00 | loss scale: 1.0 | grad norm: 31.290 | number of skipped iterations: 0 | number of nan iterations: 0 |
[2026-04-09 14:33:53] iteration 5/ 600 | consumed samples: 40 | elapsed time per iteration (ms): 1726.7 | learning rate: 1.000000E-04 | global batch size: 8 | lm loss: 9.924627E+00 | load_balancing_loss: 1.361238E+00 | loss scale: 1.0 | grad norm: 60.791 | number of skipped iterations: 0 | number of nan iterations: 0 |
(min, max) time across ranks (ms):
    forward-backward ..............................: (123.45, 456.78)
    layernorm-grads-all-reduce ....................: (0.12, 0.34)
    embedding-grads-all-reduce ....................: (0.05, 0.08)
    all-grads-sync ................................: (10.20, 15.30)
    params-all-gather .............................: (5.10, 8.20)
    optimizer-copy-to-main-grad ...................: (1.20, 1.50)
    optimizer-unscale-and-check-inf ...............: (0.80, 1.10)
    optimizer-clip-main-grad ......................: (2.30, 3.40)
    optimizer-inner-step ..........................: (15.60, 20.10)
    optimizer-copy-main-to-model-params ...........: (1.00, 1.30)
    optimizer .....................................: (25.50, 30.20)
    batch-generator ...............................: (0.50, 0.80)
    forward-compute ...............................: (80.00, 120.50)
    backward-compute ..............................: (150.00, 200.30)
[2026-04-09 14:33:56] iteration 6/ 600 | consumed samples: 48 | elapsed time per iteration (ms): 3462.7 | learning rate: 9.999937E-05 | global batch size: 8 | lm loss: 1.006704E+01 | load_balancing_loss: 1.305844E+00 | loss scale: 1.0 | grad norm: 94.012 | number of skipped iterations: 0 | number of nan iterations: 0 |
[2026-04-09 14:34:00] iteration 7/ 600 | consumed samples: 56 | elapsed time per iteration (ms): 3341.0 | learning rate: 9.999749E-05 | global batch size: 8 | lm loss: 9.786767E+00 | load_balancing_loss: 1.247391E+00 | loss scale: 1.0 | grad norm: 15.845 | number of skipped iterations: 0 | number of nan iterations: 0 |
[2026-04-09 14:34:02] iteration 8/ 600 | consumed samples: 64 | elapsed time per iteration (ms): 2076.4 | learning rate: 9.999435E-05 | global batch size: 8 | lm loss: 9.794729E+00 | load_balancing_loss: 1.287217E+00 | loss scale: 1.0 | grad norm: 20.059 | number of skipped iterations: 0 | number of nan iterations: 0 |
saving checkpoint at iteration 8
(min, max) time across ranks (ms):
    save-checkpoint ...............................: (5000.00, 5200.00)
evaluating on validation set
(min, max) time across ranks (ms):
    evaluate ......................................: (3000.00, 3500.00)
